// Jest Snapshot v1, https://goo.gl/fbAQLP

exports[`StationList matches snapshot 1`] = `
<section
  className="station-list-container"
>
  <div
    id="CFCR"
  >
    <div
      className="container station-container1"
    >
      <div
        className="row station-row border"
      >
        <div
          className="one-third column station-name center"
        >
           
          CFCR
           
        </div>
        <div
          className="one-third column station-play-button center"
        >
          <div>
            <i
              className="fa fa-pause fa-2x"
              onClick={[Function]}
            />
          </div>
        </div>
        <div
          className="one-third column station-info-button center"
        >
          <i
            aria-hidden="true"
            className="fa fa-chevron-down card-chevron"
            onClick={[Function]}
          />
        </div>
      </div>
    </div>
  </div>
  <div
    id="CFMU"
  >
    <div
      className="container station-container2"
    >
      <div
        className="row station-row border"
      >
        <div
          className="one-third column station-name center"
        >
           
          CFMU
           
        </div>
        <div
          className="one-third column station-play-button center"
        >
          <div>
            <i
              className="fa fa-play fa-2x"
              id="pButton"
              onClick={[Function]}
            />
          </div>
        </div>
        <div
          className="one-third column station-info-button center"
        >
          <i
            aria-hidden="true"
            className="fa fa-chevron-down card-chevron"
            onClick={[Function]}
          />
        </div>
      </div>
    </div>
  </div>
</section>
`;
