// Jest Snapshot v1, https://goo.gl/fbAQLP

exports[`StationList matches snapshot 1`] = `
<section
  className="station-list-container"
>
  <div
    id="CFCR"
  >
    <div
      className="container station-container1"
    >
      <div
        className="row station-row border"
      >
        <div
          className="three columns station-branding center"
        >
          <div
            className="non-expanded-station-name center"
            onClick={[Function]}
          >
             
             
            CFCR
          </div>
        </div>
        <div
          className="three columns station-play-button center"
        >
          <div>
            <i
              className="fa fa-pause fa-2x station-play-button"
              onClick={[Function]}
            />
          </div>
        </div>
        <div
          className="three columns station-info-button center"
        >
          <i
            aria-hidden="true"
            className="fa fa-chevron-down card-chevron fa-2x"
            onClick={[Function]}
          />
        </div>
      </div>
    </div>
  </div>
  <div
    id="CFMU"
  >
    <div
      className="container station-container2"
    >
      <div
        className="row station-row border"
      >
        <div
          className="three columns station-branding center"
        >
          <div
            className="non-expanded-station-name center"
            onClick={[Function]}
          >
             
             
            CFMU
          </div>
        </div>
        <div
          className="three columns station-play-button center"
        >
          <div>
            <i
              className="fa fa-play fa-2x station-play-button"
              onClick={[Function]}
            />
          </div>
        </div>
        <div
          className="three columns station-info-button center"
        >
          <i
            aria-hidden="true"
            className="fa fa-chevron-down card-chevron fa-2x"
            onClick={[Function]}
          />
        </div>
      </div>
    </div>
  </div>
  <div>
    <div
      className="container masthead"
    >
      <div
        className="row station-row border"
      >
        <div
          className="one-third column center"
          onClick={[Function]}
        >
          About
        </div>
        <div
          className="one-third column center"
          onClick={[Function]}
        >
          Contact
        </div>
        <div
          className="one-third column center"
          onClick={[Function]}
        >
          Team
        </div>
      </div>
      <div
        className="row border"
      >
        <div
          className="column"
        />
      </div>
    </div>
  </div>
</section>
`;
