// Jest Snapshot v1, https://goo.gl/fbAQLP

exports[`Station matches snapshot 1`] = `
<div
  id="QWER"
>
  <div
    className="container station-container3"
  >
    <div
      className="row station-row border"
    >
      <div
        className="four columns station-branding center"
      >
        <div
          className="non-expanded-station-name center"
          onClick={[Function]}
        >
           
           
          QWER
        </div>
      </div>
      <div
        className="four columns station-play-button center"
      >
        <div>
          <i
            className="fa fa-play fa-2x station-play-button"
            onClick={[Function]}
          />
        </div>
      </div>
      <div
        className="four columns station-info-button center"
      >
        <i
          aria-hidden="true"
          className="fa fa-chevron-down card-chevron fa-2x"
          onClick={[Function]}
        />
      </div>
    </div>
  </div>
</div>
`;
